Archive member included to satisfy reference by file (symbol)

/usr/local/mcuxpressoide-11.9.1_2170/ide/plugins/com.nxp.mcuxpresso.tools.linux_11.9.1.202402080819/tools/bin/../lib/gcc/arm-none-eabi/12.3.1/thumb/v8-m.main+fp/hard/libgcc.a(_aeabi_uldivmod.o)
                              CMakeFiles/led_blinky.elf.dir/home/anuj/Documents/example_npx/devices/LPC55S69/system_LPC55S69_cm33_core0.c.obj (__aeabi_uldivmod)
/usr/local/mcuxpressoide-11.9.1_2170/ide/plugins/com.nxp.mcuxpresso.tools.linux_11.9.1.202402080819/tools/bin/../lib/gcc/arm-none-eabi/12.3.1/thumb/v8-m.main+fp/hard/libgcc.a(_fixunssfdi.o)
                              CMakeFiles/led_blinky.elf.dir/home/anuj/Documents/example_npx/devices/LPC55S69/system_LPC55S69_cm33_core0.c.obj (__aeabi_f2ulz)
/usr/local/mcuxpressoide-11.9.1_2170/ide/plugins/com.nxp.mcuxpresso.tools.linux_11.9.1.202402080819/tools/bin/../lib/gcc/arm-none-eabi/12.3.1/thumb/v8-m.main+fp/hard/libgcc.a(_udivmoddi4.o)
                              /usr/local/mcuxpressoide-11.9.1_2170/ide/plugins/com.nxp.mcuxpresso.tools.linux_11.9.1.202402080819/tools/bin/../lib/gcc/arm-none-eabi/12.3.1/thumb/v8-m.main+fp/hard/libgcc.a(_aeabi_uldivmod.o) (__udivmoddi4)
/usr/local/mcuxpressoide-11.9.1_2170/ide/plugins/com.nxp.mcuxpresso.tools.linux_11.9.1.202402080819/tools/bin/../lib/gcc/arm-none-eabi/12.3.1/thumb/v8-m.main+fp/hard/libgcc.a(_arm_muldf3.o)
                              /usr/local/mcuxpressoide-11.9.1_2170/ide/plugins/com.nxp.mcuxpresso.tools.linux_11.9.1.202402080819/tools/bin/../lib/gcc/arm-none-eabi/12.3.1/thumb/v8-m.main+fp/hard/libgcc.a(_fixunssfdi.o) (__aeabi_dmul)
/usr/local/mcuxpressoide-11.9.1_2170/ide/plugins/com.nxp.mcuxpresso.tools.linux_11.9.1.202402080819/tools/bin/../lib/gcc/arm-none-eabi/12.3.1/thumb/v8-m.main+fp/hard/libgcc.a(_dvmd_tls.o)
                              /usr/local/mcuxpressoide-11.9.1_2170/ide/plugins/com.nxp.mcuxpresso.tools.linux_11.9.1.202402080819/tools/bin/../lib/gcc/arm-none-eabi/12.3.1/thumb/v8-m.main+fp/hard/libgcc.a(_aeabi_uldivmod.o) (__aeabi_ldiv0)
/usr/local/mcuxpressoide-11.9.1_2170/ide/plugins/com.nxp.mcuxpresso.tools.linux_11.9.1.202402080819/tools/bin/../lib/gcc/arm-none-eabi/12.3.1/thumb/v8-m.main+fp/hard/libgcc.a(_arm_addsubdf3.o)
                              /usr/local/mcuxpressoide-11.9.1_2170/ide/plugins/com.nxp.mcuxpresso.tools.linux_11.9.1.202402080819/tools/bin/../lib/gcc/arm-none-eabi/12.3.1/thumb/v8-m.main+fp/hard/libgcc.a(_fixunssfdi.o) (__aeabi_dsub)
/usr/local/mcuxpressoide-11.9.1_2170/ide/plugins/com.nxp.mcuxpresso.tools.linux_11.9.1.202402080819/tools/bin/../lib/gcc/arm-none-eabi/12.3.1/thumb/v8-m.main+fp/hard/libgcc.a(_arm_fixunsdfsi.o)
                              /usr/local/mcuxpressoide-11.9.1_2170/ide/plugins/com.nxp.mcuxpresso.tools.linux_11.9.1.202402080819/tools/bin/../lib/gcc/arm-none-eabi/12.3.1/thumb/v8-m.main+fp/hard/libgcc.a(_fixunssfdi.o) (__aeabi_d2uiz)
/usr/local/mcuxpressoide-11.9.1_2170/ide/plugins/com.nxp.mcuxpresso.tools.linux_11.9.1.202402080819/tools/bin/../lib/gcc/arm-none-eabi/12.3.1/../../../../arm-none-eabi/lib/thumb/v8-m.main+fp/hard/libc_nano.a(libc_a-exit.o)
                              /usr/local/mcuxpressoide-11.9.1_2170/ide/plugins/com.nxp.mcuxpresso.tools.linux_11.9.1.202402080819/tools/bin/../lib/gcc/arm-none-eabi/12.3.1/../../../../arm-none-eabi/lib/thumb/v8-m.main+fp/hard/crt0.o (exit)
/usr/local/mcuxpressoide-11.9.1_2170/ide/plugins/com.nxp.mcuxpresso.tools.linux_11.9.1.202402080819/tools/bin/../lib/gcc/arm-none-eabi/12.3.1/../../../../arm-none-eabi/lib/thumb/v8-m.main+fp/hard/libc_nano.a(libc_a-strtoul.o)
                              CMakeFiles/led_blinky.elf.dir/home/anuj/Documents/example_npx/devices/LPC55S69/utilities/str/fsl_str.c.obj (strtoul)
/usr/local/mcuxpressoide-11.9.1_2170/ide/plugins/com.nxp.mcuxpresso.tools.linux_11.9.1.202402080819/tools/bin/../lib/gcc/arm-none-eabi/12.3.1/../../../../arm-none-eabi/lib/thumb/v8-m.main+fp/hard/libc_nano.a(libc_a-init.o)
                              /usr/local/mcuxpressoide-11.9.1_2170/ide/plugins/com.nxp.mcuxpresso.tools.linux_11.9.1.202402080819/tools/bin/../lib/gcc/arm-none-eabi/12.3.1/../../../../arm-none-eabi/lib/thumb/v8-m.main+fp/hard/crt0.o (__libc_init_array)
/usr/local/mcuxpressoide-11.9.1_2170/ide/plugins/com.nxp.mcuxpresso.tools.linux_11.9.1.202402080819/tools/bin/../lib/gcc/arm-none-eabi/12.3.1/../../../../arm-none-eabi/lib/thumb/v8-m.main+fp/hard/libc_nano.a(libc_a-impure.o)
                              /usr/local/mcuxpressoide-11.9.1_2170/ide/plugins/com.nxp.mcuxpresso.tools.linux_11.9.1.202402080819/tools/bin/../lib/gcc/arm-none-eabi/12.3.1/../../../../arm-none-eabi/lib/thumb/v8-m.main+fp/hard/libc_nano.a(libc_a-strtoul.o) (_impure_ptr)
/usr/local/mcuxpressoide-11.9.1_2170/ide/plugins/com.nxp.mcuxpresso.tools.linux_11.9.1.202402080819/tools/bin/../lib/gcc/arm-none-eabi/12.3.1/../../../../arm-none-eabi/lib/thumb/v8-m.main+fp/hard/libc_nano.a(libc_a-strlen.o)
[...]
Memory Configuration

Name             Origin             Length             Attributes
m_interrupts     0x00000000         0x00000200         xr
m_text           0x00000200         0x00071e00         xr
m_core1_image    0x00072000         0x0002b800         xr
m_data           0x20000000         0x00033000         rw
rpmsg_sh_mem     0x20033000         0x00000000         rw
m_usb_sram       0x40100000         0x00004000         rw
*default*        0x00000000         0xffffffff

Linker script and memory map

LOAD /usr/local/mcuxpressoide-11.9.1_2170/ide/plugins/com.nxp.mcuxpresso.tools.linux_11.9.1.202402080819/tools/bin/../lib/gcc/arm-none-eabi/12.3.1/thumb/v8-m.main+fp/hard/crti.o
LOAD /usr/local/mcuxpressoide-11.9.1_2170/ide/plugins/com.nxp.mcuxpresso.tools.linux_11.9.1.202402080819/tools/bin/../lib/gcc/arm-none-eabi/12.3.1/thumb/v8-m.main+fp/hard/crtbegin.o
LOAD /usr/local/mcuxpressoide-11.9.1_2170/ide/plugins/com.nxp.mcuxpresso.tools.linux_11.9.1.202402080819/tools/bin/../lib/gcc/arm-none-eabi/12.3.1/../../../../arm-none-eabi/lib/thumb/v8-m.main+fp/hard/crt0.o
LOAD CMakeFiles/led_blinky.elf.dir/home/anuj/Documents/led_blinky/lpcxpresso55s69_led_blinky/led_blinky.c.obj
LOAD CMakeFiles/led_blinky.elf.dir/home/anuj/Documents/led_blinky/lpcxpresso55s69_led_blinky/pin_mux.c.obj
LOAD CMakeFiles/led_blinky.elf.dir/home/anuj/Documents/led_blinky/lpcxpresso55s69_led_blinky/board.c.obj
LOAD CMakeFiles/led_blinky.elf.dir/home/anuj/Documents/led_blinky/lpcxpresso55s69_led_blinky/clock_config.c.obj
LOAD CMakeFiles/led_blinky.elf.dir/home/anuj/Documents/example_npx/components/lists/fsl_component_generic_list.c.obj
LOAD CMakeFiles/led_blinky.elf.dir/home/anuj/Documents/example_npx/components/uart/fsl_adapter_usart.c.obj
LOAD CMakeFiles/led_blinky.elf.dir/home/anuj/Documents/example_npx/devices/LPC55S69/gcc/startup_LPC55S69_cm33_core0.S.obj
LOAD CMakeFiles/led_blinky.elf.dir/home/anuj/Documents/example_npx/devices/LPC55S69/system_LPC55S69_cm33_core0.c.obj
LOAD CMakeFiles/led_blinky.elf.dir/home/anuj/Documents/example_npx/devices/LPC55S69/drivers/fsl_clock.c.obj
LOAD CMakeFiles/led_blinky.elf.dir/home/anuj/Documents/example_npx/devices/LPC55S69/drivers/fsl_common.c.obj
LOAD CMakeFiles/led_blinky.elf.dir/home/anuj/Documents/example_npx/devices/LPC55S69/drivers/fsl_common_arm.c.obj
LOAD CMakeFiles/led_blinky.elf.dir/home/anuj/Documents/example_npx/devices/LPC55S69/drivers/fsl_flexcomm.c.obj
LOAD CMakeFiles/led_blinky.elf.dir/home/anuj/Documents/example_npx/devices/LPC55S69/drivers/fsl_usart.c.obj
LOAD CMakeFiles/led_blinky.elf.dir/home/anuj/Documents/example_npx/devices/LPC55S69/drivers/fsl_gpio.c.obj
LOAD CMakeFiles/led_blinky.elf.dir/home/anuj/Documents/example_npx/devices/LPC55S69/drivers/fsl_power.c.obj
LOAD CMakeFiles/led_blinky.elf.dir/home/anuj/Documents/example_npx/devices/LPC55S69/drivers/fsl_reset.c.obj
LOAD CMakeFiles/led_blinky.elf.dir/home/anuj/Documents/example_npx/devices/LPC55S69/utilities/fsl_sbrk.c.obj
LOAD CMakeFiles/led_blinky.elf.dir/home/anuj/Documents/example_npx/devices/LPC55S69/utilities/fsl_syscall_stub.c.obj
LOAD CMakeFiles/led_blinky.elf.dir/home/anuj/Documents/example_npx/devices/LPC55S69/utilities/fsl_memcpy.S.obj
LOAD CMakeFiles/led_blinky.elf.dir/home/anuj/Documents/example_npx/devices/LPC55S69/utilities/debug_console_lite/fsl_assert.c.obj
LOAD CMakeFiles/led_blinky.elf.dir/home/anuj/Documents/example_npx/devices/LPC55S69/utilities/str/fsl_str.c.obj
LOAD CMakeFiles/led_blinky.elf.dir/home/anuj/Documents/example_npx/devices/LPC55S69/utilities/debug_console_lite/fsl_debug_console.c.obj
START GROUP
LOAD /usr/local/mcuxpressoide-11.9.1_2170/ide/plugins/com.nxp.mcuxpresso.tools.linux_11.9.1.202402080819/tools/bin/../lib/gcc/arm-none-eabi/12.3.1/thumb/v8-m.main+fp/hard/libgcc.a
LOAD /usr/local/mcuxpressoide-11.9.1_2170/ide/plugins/com.nxp.mcuxpresso.tools.linux_11.9.1.202402080819/tools/bin/../lib/gcc/arm-none-eabi/12.3.1/../../../../arm-none-eabi/lib/thumb/v8-m.main+fp/hard/libc_nano.a
LOAD /usr/local/mcuxpressoide-11.9.1_2170/ide/plugins/com.nxp.mcuxpresso.tools.linux_11.9.1.202402080819/tools/bin/../lib/gcc/arm-none-eabi/12.3.1/../../../../arm-none-eabi/lib/thumb/v8-m.main+fp/hard/libm.a
LOAD /usr/local/mcuxpressoide-11.9.1_2170/ide/plugins/com.nxp.mcuxpresso.tools.linux_11.9.1.202402080819/tools/bin/../lib/gcc/arm-none-eabi/12.3.1/../../../../arm-none-eabi/lib/thumb/v8-m.main+fp/hard/libcr_newlib_nohost.a
END GROUP
START GROUP
LOAD /usr/local/mcuxpressoide-11.9.1_2170/ide/plugins/com.nxp.mcuxpresso.tools.linux_11.9.1.202402080819/tools/bin/../lib/gcc/arm-none-eabi/12.3.1/thumb/v8-m.main+fp/hard/libgcc.a
LOAD /usr/local/mcuxpressoide-11.9.1_2170/ide/plugins/com.nxp.mcuxpresso.tools.linux_11.9.1.202402080819/tools/bin/../lib/gcc/arm-none-eabi/12.3.1/../../../../arm-none-eabi/lib/thumb/v8-m.main+fp/hard/libg_nano.a
LOAD /usr/local/mcuxpressoide-11.9.1_2170/ide/plugins/com.nxp.mcuxpresso.tools.linux_11.9.1.202402080819/tools/bin/../lib/gcc/arm-none-eabi/12.3.1/../../../../arm-none-eabi/lib/thumb/v8-m.main+fp/hard/libc_nano.a
END GROUP
START GROUP
LOAD /usr/local/mcuxpressoide-11.9.1_2170/ide/plugins/com.nxp.mcuxpresso.tools.linux_11.9.1.202402080819/tools/bin/../lib/gcc/arm-none-eabi/12.3.1/thumb/v8-m.main+fp/hard/libgcc.a
LOAD /usr/local/mcuxpressoide-11.9.1_2170/ide/plugins/com.nxp.mcuxpresso.tools.linux_11.9.1.202402080819/tools/bin/../lib/gcc/arm-none-eabi/12.3.1/../../../../arm-none-eabi/lib/thumb/v8-m.main+fp/hard/libc_nano.a
LOAD /usr/local/mcuxpressoide-11.9.1_2170/ide/plugins/com.nxp.mcuxpresso.tools.linux_11.9.1.202402080819/tools/bin/../lib/gcc/arm-none-eabi/12.3.1/../../../../arm-none-eabi/lib/thumb/v8-m.main+fp/hard/libnosys.a
END GROUP
START GROUP
LOAD /usr/local/mcuxpressoide-11.9.1_2170/ide/plugins/com.nxp.mcuxpresso.tools.linux_11.9.1.202402080819/tools/bin/../lib/gcc/arm-none-eabi/12.3.1/thumb/v8-m.main+fp/hard/libgcc.a
LOAD /usr/local/mcuxpressoide-11.9.1_2170/ide/plugins/com.nxp.mcuxpresso.tools.linux_11.9.1.202402080819/tools/bin/../lib/gcc/arm-none-eabi/12.3.1/../../../../arm-none-eabi/lib/thumb/v8-m.main+fp/hard/libc_nano.a
LOAD /usr/local/mcuxpressoide-11.9.1_2170/ide/plugins/com.nxp.mcuxpresso.tools.linux_11.9.1.202402080819/tools/bin/../lib/gcc/arm-none-eabi/12.3.1/../../../../arm-none-eabi/lib/thumb/v8-m.main+fp/hard/libnosys.a
END GROUP
LOAD /usr/local/mcuxpressoide-11.9.1_2170/ide/plugins/com.nxp.mcuxpresso.tools.linux_11.9.1.202402080819/tools/bin/../lib/gcc/arm-none-eabi/12.3.1/thumb/v8-m.main+fp/hard/crtend.o
LOAD /usr/local/mcuxpressoide-11.9.1_2170/ide/plugins/com.nxp.mcuxpresso.tools.linux_11.9.1.202402080819/tools/bin/../lib/gcc/arm-none-eabi/12.3.1/thumb/v8-m.main+fp/hard/crtn.o
                0x00000400                        HEAP_SIZE = DEFINED (__heap_size__)?__heap_size__:0x400
                0x00000800                        STACK_SIZE = DEFINED (__stack_size__)?__stack_size__:0x800
                0x00000000                        RPMSG_SHMEM_SIZE = DEFINED (__use_shmem__)?0x1800:0x0

.core1_code     0x00072000        0x0
                0x00072000                        . = ALIGN (0x4)
 *(.core1_code)
 *(.core1_code*)
                0x00072000                        . = ALIGN (0x4)

.noinit_rpmsg_sh_mem
                0x20033000        0x0
                0x20033000                        __RPMSG_SH_MEM_START__ = .
 *(.noinit.$rpmsg_sh_mem*)
                0x20033000                        . = ALIGN (0x4)
                0x20033000                        __RPMSG_SH_MEM_END__ = .

.interrupts     0x00000000      0x130
                0x00000000                        . = ALIGN (0x4)
 *(.isr_vector)
 .isr_vector    0x00000000      0x130 CMakeFiles/led_blinky.elf.dir/home/anuj/Documents/example_npx/devices/LPC55S69/gcc/startup_LPC55S69_cm33_core0.S.obj
                0x00000000                __Vectors
                0x00000130                        . = ALIGN (0x4)

.text           0x00000200     0x2680
                0x00000200                        . = ALIGN (0x4)
 *(.text)
 .text          0x00000200       0x7c /usr/local/mcuxpressoide-11.9.1_2170/ide/plugins/com.nxp.mcuxpresso.tools.linux_11.9.1.202402080819/tools/bin/../lib/gcc/arm-none-eabi/12.3.1/../../../../arm-none-eabi/lib/thumb/v8-m.main+fp/hard/crt0.o
                0x00000200                _stack_init
                0x00000208                _mainCRTStartup
                0x00000208                _start
 .text          0x0000027c      0x2a0 CMakeFiles/led_blinky.elf.dir/home/anuj/Documents/example_npx/devices/LPC55S69/gcc/startup_LPC55S69_cm33_core0.S.obj
                0x0000027c                Reset_Handler
                0x00000310                DebugMon_Handler
                0x00000310                Reserved39_DriverIRQHandler
                0x00000310                DMA0_DriverIRQHandler
                0x00000310                Reserved42_DriverIRQHandler
                0x00000310                SEC_VIO_DriverIRQHandler
                0x00000310                PIN_INT3_DriverIRQHandler
                0x00000310                PIN_INT2_DriverIRQHandler
                0x00000310                Reserved56_DriverIRQHandler
                0x00000310                PIN_INT0_DriverIRQHandler
                0x00000310                CTIMER2_DriverIRQHandler
                0x00000310                UsageFault_Handler
                0x00000310                DefaultISR
                0x00000310                USB0_DriverIRQHandler
                0x00000310                CASER_DriverIRQHandler
                0x00000310                MRT0_DriverIRQHandler
                0x00000310                UTICK0_DriverIRQHandler
                0x00000310                Reserved41_DriverIRQHandler
                0x00000310                PIN_INT4_DriverIRQHandler
                0x00000310                PIN_INT5_DriverIRQHandler
                0x00000310                SEC_GPIO_INT0_IRQ0_DriverIRQHandler
                0x00000310                CTIMER4_DriverIRQHandler
                0x00000310                GINT1_DriverIRQHandler
                0x00000310                PIN_INT7_DriverIRQHandler
                0x00000310                Reserved55_DriverIRQHandler
                0x00000310                HASHCRYPT_DriverIRQHandler
                0x00000310                USB0_NEEDCLK_DriverIRQHandler
                0x00000310                CTIMER0_DriverIRQHandler
                0x00000310                CTIMER1_DriverIRQHandler
                0x00000310                SecureFault_Handler
                0x00000310                PIN_INT6_DriverIRQHandler
                0x00000310                PQ_DriverIRQHandler
                0x00000310                MAILBOX_DriverIRQHandler
                0x00000310                PIN_INT1_DriverIRQHandler
                0x00000310                CTIMER3_DriverIRQHandler
                0x00000310                Reserved61_DriverIRQHandler
                0x00000310                SEC_GPIO_INT0_IRQ1_DriverIRQHandler
                0x00000310                PUF_DriverIRQHandler
                0x00000310                RTC_DriverIRQHandler
                0x00000310                MemManage_Handler
                0x00000310                USB1_DriverIRQHandler
                0x00000310                Reserved60_DriverIRQHandler
                0x00000310                DMA1_DriverIRQHandler
                0x00000310                ADC0_DriverIRQHandler
                0x00000310                USB1_NEEDCLK_DriverIRQHandler
                0x00000310                Reserved59_DriverIRQHandler
                0x00000310                SDIO_DriverIRQHandler
                0x00000310                GINT0_DriverIRQHandler
                0x00000310                USB1_PHY_DriverIRQHandler
                0x00000310                ACMP_DriverIRQHandler
                0x00000310                Reserved57_DriverIRQHandler
                0x00000310                BusFault_Handler
                0x00000310                Reserved46_DriverIRQHandler
                0x00000310                SCT0_DriverIRQHandler
                0x00000310                WDT_BOD_DriverIRQHandler
                0x00000310                PLU_DriverIRQHandler
                0x00000310                OS_EVENT_DriverIRQHandler
                0x00000310                SEC_HYPERVISOR_CALL_DriverIRQHandler
                0x00000314                NMI_Handler
                0x00000318                HardFault_Handler
                0x0000031c                SVC_Handler
                0x00000320                PendSV_Handler
                0x00000328                WDT_BOD_IRQHandler
                0x0000032c                DMA0_IRQHandler
                0x00000330                GINT0_IRQHandler
                0x00000334                GINT1_IRQHandler
                0x00000338                PIN_INT0_IRQHandler
                0x0000033c                PIN_INT1_IRQHandler
                0x00000340                PIN_INT2_IRQHandler
                0x00000344                PIN_INT3_IRQHandler
                0x00000348                UTICK0_IRQHandler
                0x0000034c                MRT0_IRQHandler
                0x00000350                CTIMER0_IRQHandler
                0x00000354                CTIMER1_IRQHandler
                0x00000358                SCT0_IRQHandler
                0x0000035c                CTIMER3_IRQHandler
                0x00000360                FLEXCOMM0_IRQHandler
                0x00000364                FLEXCOMM1_IRQHandler
                0x00000368                FLEXCOMM2_IRQHandler
                0x0000036c                FLEXCOMM3_IRQHandler
                0x00000370                FLEXCOMM4_IRQHandler
                0x00000374                FLEXCOMM5_IRQHandler
                0x00000378                FLEXCOMM6_IRQHandler
                0x0000037c                FLEXCOMM7_IRQHandler
                0x00000380                ADC0_IRQHandler
                0x00000384                Reserved39_IRQHandler
                0x00000388                ACMP_IRQHandler
                0x0000038c                Reserved41_IRQHandler
                0x00000390                Reserved42_IRQHandler
                0x00000394                USB0_NEEDCLK_IRQHandler
                0x00000398                USB0_IRQHandler
                0x0000039c                RTC_IRQHandler
                0x000003a0                Reserved46_IRQHandler
                0x000003a4                MAILBOX_IRQHandler
                0x000003a8                PIN_INT4_IRQHandler
                0x000003ac                PIN_INT5_IRQHandler
                0x000003b0                PIN_INT6_IRQHandler
                0x000003b4                PIN_INT7_IRQHandler
                0x000003b8                CTIMER2_IRQHandler
                0x000003bc                CTIMER4_IRQHandler
                0x000003c0                OS_EVENT_IRQHandler
                0x000003c4                Reserved55_IRQHandler
                0x000003c8                Reserved56_IRQHandler
                0x000003cc                Reserved57_IRQHandler
                0x000003d0                SDIO_IRQHandler
                0x000003d4                Reserved59_IRQHandler
                0x000003d8                Reserved60_IRQHandler
                0x000003dc                Reserved61_IRQHandler
                0x000003e0                USB1_PHY_IRQHandler
                0x000003e4                USB1_IRQHandler
                0x000003e8                USB1_NEEDCLK_IRQHandler
                0x000003ec                SEC_HYPERVISOR_CALL_IRQHandler
                0x000003f0                SEC_GPIO_INT0_IRQ0_IRQHandler
                0x000003f4                SEC_GPIO_INT0_IRQ1_IRQHandler
                0x000003f8                PLU_IRQHandler
                0x000003fc                SEC_VIO_IRQHandler
                0x00000400                HASHCRYPT_IRQHandler
                0x00000404                CASER_IRQHandler
                0x00000408                PUF_IRQHandler
                0x0000040c                PQ_IRQHandler
                0x00000410                DMA1_IRQHandler
                0x00000414                FLEXCOMM8_IRQHandler
 .text          0x0000051c       0xa0 CMakeFiles/led_blinky.elf.dir/home/anuj/Documents/example_npx/devices/LPC55S69/utilities/fsl_memcpy.S.obj
                0x0000051c                memcpy
 .text          0x000005bc       0x30 /usr/local/mcuxpressoide-11.9.1_2170/ide/plugins/com.nxp.mcuxpresso.tools.linux_11.9.1.202402080819/tools/bin/../lib/gcc/arm-none-eabi/12.3.1/thumb/v8-m.main+fp/hard/libgcc.a(_aeabi_uldivmod.o)
                0x000005bc                __aeabi_uldivmod
 .text          0x000005ec      0x254 /usr/local/mcuxpressoide-11.9.1_2170/ide/plugins/com.nxp.mcuxpresso.tools.linux_11.9.1.202402080819/tools/bin/../lib/gcc/arm-none-eabi/12.3.1/thumb/v8-m.main+fp/hard/libgcc.a(_arm_muldf3.o)
                0x000005ec                __aeabi_dmul
                0x000005ec                __muldf3
 .text          0x00000840        0x4 /usr/local/mcuxpressoide-11.9.1_2170/ide/plugins/com.nxp.mcuxpresso.tools.linux_11.9.1.202402080819/tools/bin/../lib/gcc/arm-none-eabi/12.3.1/thumb/v8-m.main+fp/hard/libgcc.a(_dvmd_tls.o)
                0x00000840                __aeabi_ldiv0
                0x00000840                __aeabi_idiv0
 .text          0x00000844      0x378 /usr/local/mcuxpressoide-11.9.1_2170/ide/plugins/com.nxp.mcuxpresso.tools.linux_11.9.1.202402080819/tools/bin/../lib/gcc/arm-none-eabi/12.3.1/thumb/v8-m.main+fp/hard/libgcc.a(_arm_addsubdf3.o)
                0x00000844                __aeabi_drsub
                0x0000084c                __aeabi_dsub
                0x0000084c                __subdf3
                0x00000850                __adddf3
                0x00000850                __aeabi_dadd
                0x00000ac8                __aeabi_ui2d
                0x00000ac8                __floatunsidf
                0x00000ae8                __floatsidf
                0x00000ae8                __aeabi_i2d
                0x00000b0c                __extendsfdf2
                0x00000b0c                __aeabi_f2d
                0x00000b50                __aeabi_ul2d
                0x00000b50                __floatundidf
                0x00000b60                __floatdidf
                0x00000b60                __aeabi_l2d
 .text          0x00000bbc       0x40 /usr/local/mcuxpressoide-11.9.1_2170/ide/plugins/com.nxp.mcuxpresso.tools.linux_11.9.1.202402080819/tools/bin/../lib/gcc/arm-none-eabi/12.3.1/thumb/v8-m.main+fp/hard/libgcc.a(_arm_fixunsdfsi.o)
                0x00000bbc                __fixunsdfsi
                0x00000bbc                __aeabi_d2uiz
 .text          0x00000bfc       0x10 /usr/local/mcuxpressoide-11.9.1_2170/ide/plugins/com.nxp.mcuxpresso.tools.linux_11.9.1.202402080819/tools/bin/../lib/gcc/arm-none-eabi/12.3.1/../../../../arm-none-eabi/lib/thumb/v8-m.main+fp/hard/libc_nano.a(libc_a-strlen.o)
                0x00000bfc                strlen
 *(.text*)
 .text.deregister_tm_clones
                0x00000c0c       0x1c /usr/local/mcuxpressoide-11.9.1_2170/ide/plugins/com.nxp.mcuxpresso.tools.linux_11.9.1.202402080819/tools/bin/../lib/gcc/arm-none-eabi/12.3.1/thumb/v8-m.main+fp/hard/crtbegin.o
 .text.register_tm_clones
                0x00000c28       0x28 /usr/local/mcuxpressoide-11.9.1_2170/ide/plugins/com.nxp.mcuxpresso.tools.linux_11.9.1.202402080819/tools/bin/../lib/gcc/arm-none-eabi/12.3.1/thumb/v8-m.main+fp/hard/crtbegin.o
 .text.__do_global_dtors_aux
                0x00000c50       0x28 /usr/local/mcuxpressoide-11.9.1_2170/ide/plugins/com.nxp.mcuxpresso.tools.linux_11.9.1.202402080819/tools/bin/../lib/gcc/arm-none-eabi/12.3.1/thumb/v8-m.main+fp/hard/crtbegin.o
 .text.frame_dummy
                0x00000c78       0x24 /usr/local/mcuxpressoide-11.9.1_2170/ide/plugins/com.nxp.mcuxpresso.tools.linux_11.9.1.202402080819/tools/bin/../lib/gcc/arm-none-eabi/12.3.1/thumb/v8-m.main+fp/hard/crtbegin.o
 .text.__NVIC_SetPriority
                0x00000c9c       0x54 CMakeFiles/led_blinky.elf.dir/home/anuj/Documents/led_blinky/lpcxpresso55s69_led_blinky/led_blinky.c.obj
 .text.SysTick_Config
                0x00000cf0       0x44 CMakeFiles/led_blinky.elf.dir/home/anuj/Documents/led_blinky/lpcxpresso55s69_led_blinky/led_blinky.c.obj
 .text.GPIO_PortToggle
                0x00000d34       0x26 CMakeFiles/led_blinky.elf.dir/home/anuj/Documents/led_blinky/lpcxpresso55s69_led_blinky/led_blinky.c.obj
 *fill*         0x00000d5a        0x2 
 .text.POWER_SetBodVbatLevel
                0x00000d5c       0x58 CMakeFiles/led_blinky.elf.dir/home/anuj/Documents/led_blinky/lpcxpresso55s69_led_blinky/led_blinky.c.obj
 .text.SysTick_Handler
                0x00000db4       0x24 CMakeFiles/led_blinky.elf.dir/home/anuj/Documents/led_blinky/lpcxpresso55s69_led_blinky/led_blinky.c.obj
                0x00000db4                SysTick_Handler
 .text.SysTick_DelayTicks
                0x00000dd8       0x2c CMakeFiles/led_blinky.elf.dir/home/anuj/Documents/led_blinky/lpcxpresso55s69_led_blinky/led_blinky.c.obj
                0x00000dd8                SysTick_DelayTicks
 .text.main     0x00000e04       0x70 CMakeFiles/led_blinky.elf.dir/home/anuj/Documents/led_blinky/lpcxpresso55s69_led_blinky/led_blinky.c.obj
                0x00000e04                main
 .text.CLOCK_EnableClock
                0x00000e74       0x30 CMakeFiles/led_blinky.elf.dir/home/anuj/Documents/led_blinky/lpcxpresso55s69_led_blinky/pin_mux.c.obj
 .text.IOCON_PinMuxSet
                0x00000ea4       0x2e CMakeFiles/led_blinky.elf.dir/home/anuj/Documents/led_blinky/lpcxpresso55s69_led_blinky/pin_mux.c.obj
 .text.BOARD_InitBootPins
                0x00000ed2        0xc CMakeFiles/led_blinky.elf.dir/home/anuj/Documents/led_blinky/lpcxpresso55s69_led_blinky/pin_mux.c.obj
                0x00000ed2                BOARD_InitBootPins
 *fill*         0x00000ede        0x2 
 .text.BOARD_InitPins
                0x00000ee0       0x5c CMakeFiles/led_blinky.elf.dir/home/anuj/Documents/led_blinky/lpcxpresso55s69_led_blinky/pin_mux.c.obj
                0x00000ee0                BOARD_InitPins
 .text.findPll0PreDiv
                0x00000f3c       0x3e CMakeFiles/led_blinky.elf.dir/home/anuj/Documents/example_npx/devices/LPC55S69/system_LPC55S69_cm33_core0.c.obj
 .text.findPll0PostDiv
                0x00000f7a       0x62 CMakeFiles/led_blinky.elf.dir/home/anuj/Documents/example_npx/devices/LPC55S69/system_LPC55S69_cm33_core0.c.obj
 .text.findPll0MMult
                0x00000fdc       0xb4 CMakeFiles/led_blinky.elf.dir/home/anuj/Documents/example_npx/devices/LPC55S69/system_LPC55S69_cm33_core0.c.obj
 .text.findPll1PreDiv
                0x00001090       0x3e CMakeFiles/led_blinky.elf.dir/home/anuj/Documents/example_npx/devices/LPC55S69/system_LPC55S69_cm33_core0.c.obj
 .text.findPll1PostDiv
                0x000010ce       0x62 CMakeFiles/led_blinky.elf.dir/home/anuj/Documents/example_npx/devices/LPC55S69/system_LPC55S69_cm33_core0.c.obj
 .text.findPll1MMult
                0x00001130       0x2e CMakeFiles/led_blinky.elf.dir/home/anuj/Documents/example_npx/devices/LPC55S69/system_LPC55S69_cm33_core0.c.obj
 *fill*         0x0000115e        0x2 
 .text.GetFro12MFreq
                0x00001160       0x28 CMakeFiles/led_blinky.elf.dir/home/anuj/Documents/example_npx/devices/LPC55S69/system_LPC55S69_cm33_core0.c.obj
 .text.GetFro1MFreq
                0x00001188       0x28 CMakeFiles/led_blinky.elf.dir/home/anuj/Documents/example_npx/devices/LPC55S69/system_LPC55S69_cm33_core0.c.obj
 .text.GetExtClkFreq
                0x000011b0       0x28 CMakeFiles/led_blinky.elf.dir/home/anuj/Documents/example_npx/devices/LPC55S69/system_LPC55S69_cm33_core0.c.obj
 .text.GetFroHfFreq
                0x000011d8       0x28 CMakeFiles/led_blinky.elf.dir/home/anuj/Documents/example_npx/devices/LPC55S69/system_LPC55S69_cm33_core0.c.obj
 .text.GetOsc32KFreq
                0x00001200       0x58 CMakeFiles/led_blinky.elf.dir/home/anuj/Documents/example_npx/devices/LPC55S69/system_LPC55S69_cm33_core0.c.obj
 .text.SystemInit
                0x00001258       0x64 CMakeFiles/led_blinky.elf.dir/home/anuj/Documents/example_npx/devices/LPC55S69/system_LPC55S69_cm33_core0.c.obj
                0x00001258                SystemInit
 .text.SystemCoreClockUpdate
                0x000012bc      0x29c CMakeFiles/led_blinky.elf.dir/home/anuj/Documents/example_npx/devices/LPC55S69/system_LPC55S69_cm33_core0.c.obj
                0x000012bc                SystemCoreClockUpdate
 .text.SystemInitHook
                0x00001558        0xe CMakeFiles/led_blinky.elf.dir/home/anuj/Documents/example_npx/devices/LPC55S69/system_LPC55S69_cm33_core0.c.obj
                0x00001558                SystemInitHook
 *fill*         0x00001566        0x2 
 .text.FLEXCOMM_GetInstance
                0x00001568       0x58 CMakeFiles/led_blinky.elf.dir/home/anuj/Documents/example_npx/devices/LPC55S69/drivers/fsl_flexcomm.c.obj
                0x00001568                FLEXCOMM_GetInstance
 .text.FLEXCOMM0_DriverIRQHandler
                0x000015c0       0x68 CMakeFiles/led_blinky.elf.dir/home/anuj/Documents/example_npx/devices/LPC55S69/drivers/fsl_flexcomm.c.obj
                0x000015c0                FLEXCOMM0_DriverIRQHandler
 .text.FLEXCOMM1_DriverIRQHandler
                0x00001628       0x68 CMakeFiles/led_blinky.elf.dir/home/anuj/Documents/example_npx/devices/LPC55S69/drivers/fsl_flexcomm.c.obj
                0x00001628                FLEXCOMM1_DriverIRQHandler
 .text.FLEXCOMM2_DriverIRQHandler
                0x00001690       0x68 CMakeFiles/led_blinky.elf.dir/home/anuj/Documents/example_npx/devices/LPC55S69/drivers/fsl_flexcomm.c.obj
                0x00001690                FLEXCOMM2_DriverIRQHandler
 .text.FLEXCOMM3_DriverIRQHandler
                0x000016f8       0x68 CMakeFiles/led_blinky.elf.dir/home/anuj/Documents/example_npx/devices/LPC55S69/drivers/fsl_flexcomm.c.obj
                0x000016f8                FLEXCOMM3_DriverIRQHandler
 .text.FLEXCOMM4_DriverIRQHandler
                0x00001760       0x68 CMakeFiles/led_blinky.elf.dir/home/anuj/Documents/example_npx/devices/LPC55S69/drivers/fsl_flexcomm.c.obj
                0x00001760                FLEXCOMM4_DriverIRQHandler
 .text.FLEXCOMM5_DriverIRQHandler
                0x000017c8       0x68 CMakeFiles/led_blinky.elf.dir/home/anuj/Documents/example_npx/devices/LPC55S69/drivers/fsl_flexcomm.c.obj
                0x000017c8                FLEXCOMM5_DriverIRQHandler
 .text.FLEXCOMM6_DriverIRQHandler
                0x00001830       0x6c CMakeFiles/led_blinky.elf.dir/home/anuj/Documents/example_npx/devices/LPC55S69/drivers/fsl_flexcomm.c.obj
                0x00001830                FLEXCOMM6_DriverIRQHandler
 .text.FLEXCOMM7_DriverIRQHandler
                0x0000189c       0x6c CMakeFiles/led_blinky.elf.dir/home/anuj/Documents/example_npx/devices/LPC55S69/drivers/fsl_flexcomm.c.obj
                0x0000189c                FLEXCOMM7_DriverIRQHandler
 .text.FLEXCOMM8_DriverIRQHandler
                0x00001908       0x6c CMakeFiles/led_blinky.elf.dir/home/anuj/Documents/example_npx/devices/LPC55S69/drivers/fsl_flexcomm.c.obj
                0x00001908                FLEXCOMM8_DriverIRQHandler
 .text.CLOCK_EnableClock
                0x00001974       0x30 CMakeFiles/led_blinky.elf.dir/home/anuj/Documents/example_npx/devices/LPC55S69/drivers/fsl_gpio.c.obj
 .text.GPIO_EnablePortClock
                0x000019a4       0x44 CMakeFiles/led_blinky.elf.dir/home/anuj/Documents/example_npx/devices/LPC55S69/drivers/fsl_gpio.c.obj
 .text.GPIO_PortInit
                0x000019e8       0x2c CMakeFiles/led_blinky.elf.dir/home/anuj/Documents/example_npx/devices/LPC55S69/drivers/fsl_gpio.c.obj
                0x000019e8                GPIO_PortInit
 .text.GPIO_PinInit
                0x00001a14       0xa4 CMakeFiles/led_blinky.elf.dir/home/anuj/Documents/example_npx/devices/LPC55S69/drivers/fsl_gpio.c.obj
                0x00001a14                GPIO_PinInit
 .text.RESET_SetPeripheralReset
                0x00001ab8       0x6c CMakeFiles/led_blinky.elf.dir/home/anuj/Documents/example_npx/devices/LPC55S69/drivers/fsl_reset.c.obj
                0x00001ab8                RESET_SetPeripheralReset
 .text.RESET_ClearPeripheralReset
                0x00001b24       0x6c CMakeFiles/led_blinky.elf.dir/home/anuj/Documents/example_npx/devices/LPC55S69/drivers/fsl_reset.c.obj
                0x00001b24                RESET_ClearPeripheralReset
 .text.RESET_PeripheralReset
                0x00001b90       0x1c CMakeFiles/led_blinky.elf.dir/home/anuj/Documents/example_npx/devices/LPC55S69/drivers/fsl_reset.c.obj
                0x00001b90                RESET_PeripheralReset
 .text.fsl_assert_hook
                0x00001bac       0x1a CMakeFiles/led_blinky.elf.dir/home/anuj/Documents/example_npx/devices/LPC55S69/utilities/debug_console_lite/fsl_assert.c.obj
                0x00001bac                fsl_assert_hook
 *fill*         0x00001bc6        0x2 
 .text.__assert_func
                0x00001bc8       0x30 CMakeFiles/led_blinky.elf.dir/home/anuj/Documents/example_npx/devices/LPC55S69/utilities/debug_console_lite/fsl_assert.c.obj
                0x00001bc8                __assert_func
 .text.DbgConsole_Printf
                0x00001bf8       0x2c CMakeFiles/led_blinky.elf.dir/home/anuj/Documents/example_npx/devices/LPC55S69/utilities/debug_console_lite/fsl_debug_console.c.obj
                0x00001bf8                DbgConsole_Printf
 .text.DbgConsole_Vprintf
                0x00001c24       0x3c CMakeFiles/led_blinky.elf.dir/home/anuj/Documents/example_npx/devices/LPC55S69/utilities/debug_console_lite/fsl_debug_console.c.obj
                0x00001c24                DbgConsole_Vprintf
 .text.DbgConsole_Putchar
                0x00001c60       0x30 CMakeFiles/led_blinky.elf.dir/home/anuj/Documents/example_npx/devices/LPC55S69/utilities/debug_console_lite/fsl_debug_console.c.obj
                0x00001c60                DbgConsole_Putchar
 .text.DbgConsole_PrintfPaddingCharacter
                0x00001c90       0x40 CMakeFiles/led_blinky.elf.dir/home/anuj/Documents/example_npx/devices/LPC55S69/utilities/debug_console_lite/fsl_debug_console.c.obj
 .text.DbgConsole_ConvertRadixNumToString
                0x00001cd0       0xc2 CMakeFiles/led_blinky.elf.dir/home/anuj/Documents/example_npx/devices/LPC55S69/utilities/debug_console_lite/fsl_debug_console.c.obj
 *fill*         0x00001d92        0x2 
 .text.DbgConsole_PrintfFormattedData
                0x00001d94      0x3e0 CMakeFiles/led_blinky.elf.dir/home/anuj/Documents/example_npx/devices/LPC55S69/utilities/debug_console_lite/fsl_debug_console.c.obj
 .text.__fixunssfdi
                0x00002174       0x40 /usr/local/mcuxpressoide-11.9.1_2170/ide/plugins/com.nxp.mcuxpresso.tools.linux_11.9.1.202402080819/tools/bin/../lib/gcc/arm-none-eabi/12.3.1/thumb/v8-m.main+fp/hard/libgcc.a(_fixunssfdi.o)
                0x00002174                __aeabi_f2ulz
                0x00002174                __fixunssfdi
 .text.__udivmoddi4
                0x000021b4      0x2e4 /usr/local/mcuxpressoide-11.9.1_2170/ide/plugins/com.nxp.mcuxpresso.tools.linux_11.9.1.202402080819/tools/bin/../lib/gcc/arm-none-eabi/12.3.1/thumb/v8-m.main+fp/hard/libgcc.a(_udivmoddi4.o)
                0x000021b4                __udivmoddi4
 .text.exit     0x00002498       0x24 /usr/local/mcuxpressoide-11.9.1_2170/ide/plugins/com.nxp.mcuxpresso.tools.linux_11.9.1.202402080819/tools/bin/../lib/gcc/arm-none-eabi/12.3.1/../../../../arm-none-eabi/lib/thumb/v8-m.main+fp/hard/libc_nano.a(libc_a-exit.o)
                0x00002498                exit
 .text.__libc_init_array
                0x000024bc       0x48 /usr/local/mcuxpressoide-11.9.1_2170/ide/plugins/com.nxp.mcuxpresso.tools.linux_11.9.1.202402080819/tools/bin/../lib/gcc/arm-none-eabi/12.3.1/../../../../arm-none-eabi/lib/thumb/v8-m.main+fp/hard/libc_nano.a(libc_a-init.o)
                0x000024bc                __libc_init_array
 .text.memset   0x00002504       0x10 /usr/local/mcuxpressoide-11.9.1_2170/ide/plugins/com.nxp.mcuxpresso.tools.linux_11.9.1.202402080819/tools/bin/../lib/gcc/arm-none-eabi/12.3.1/../../../../arm-none-eabi/lib/thumb/v8-m.main+fp/hard/libc_nano.a(libc_a-memset.o)
                0x00002504                memset
 .text._exit    0x00002514        0x2 /usr/local/mcuxpressoide-11.9.1_2170/ide/plugins/com.nxp.mcuxpresso.tools.linux_11.9.1.202402080819/tools/bin/../lib/gcc/arm-none-eabi/12.3.1/../../../../arm-none-eabi/lib/thumb/v8-m.main+fp/hard/libcr_newlib_nohost.a(_exit.o)
                0x00002514                _exit
 *(.rodata)
 *fill*         0x00002516        0x2 
 .rodata        0x00002518       0xa3 CMakeFiles/led_blinky.elf.dir/home/anuj/Documents/example_npx/devices/LPC55S69/drivers/fsl_flexcomm.c.obj
 *fill*         0x000025bb        0x1 
 .rodata        0x000025bc       0x69 CMakeFiles/led_blinky.elf.dir/home/anuj/Documents/example_npx/devices/LPC55S69/drivers/fsl_gpio.c.obj
 *fill*         0x00002625        0x3 
 .rodata        0x00002628       0x56 CMakeFiles/led_blinky.elf.dir/home/anuj/Documents/example_npx/devices/LPC55S69/drivers/fsl_reset.c.obj
 *fill*         0x0000267e        0x2 
 .rodata        0x00002680       0x3e CMakeFiles/led_blinky.elf.dir/home/anuj/Documents/example_npx/devices/LPC55S69/utilities/debug_console_lite/fsl_assert.c.obj
 *(.rodata*)
 *fill*         0x000026be        0x2 
 .rodata.s_flexcommBaseAddrs
                0x000026c0       0x24 CMakeFiles/led_blinky.elf.dir/home/anuj/Documents/example_npx/devices/LPC55S69/drivers/fsl_flexcomm.c.obj
 .rodata.__func__.9
                0x000026e4       0x15 CMakeFiles/led_blinky.elf.dir/home/anuj/Documents/example_npx/devices/LPC55S69/drivers/fsl_flexcomm.c.obj
 *fill*         0x000026f9        0x3 
 .rodata.__func__.8
                0x000026fc       0x1b CMakeFiles/led_blinky.elf.dir/home/anuj/Documents/example_npx/devices/LPC55S69/drivers/fsl_flexcomm.c.obj
 *fill*         0x00002717        0x1 
 .rodata.__func__.7
                0x00002718       0x1b CMakeFiles/led_blinky.elf.dir/home/anuj/Documents/example_npx/devices/LPC55S69/drivers/fsl_flexcomm.c.obj
 *fill*         0x00002733        0x1 
 .rodata.__func__.6
                0x00002734       0x1b CMakeFiles/led_blinky.elf.dir/home/anuj/Documents/example_npx/devices/LPC55S69/drivers/fsl_flexcomm.c.obj
 *fill*         0x0000274f        0x1 
 .rodata.__func__.5
                0x00002750       0x1b CMakeFiles/led_blinky.elf.dir/home/anuj/Documents/example_npx/devices/LPC55S69/drivers/fsl_flexcomm.c.obj
 *fill*         0x0000276b        0x1 
 .rodata.__func__.4
                0x0000276c       0x1b CMakeFiles/led_blinky.elf.dir/home/anuj/Documents/example_npx/devices/LPC55S69/drivers/fsl_flexcomm.c.obj
 *fill*         0x00002787        0x1 
 .rodata.__func__.3
                0x00002788       0x1b CMakeFiles/led_blinky.elf.dir/home/anuj/Documents/example_npx/devices/LPC55S69/drivers/fsl_flexcomm.c.obj
 *fill*         0x000027a3        0x1 
 .rodata.__func__.2
                0x000027a4       0x1b CMakeFiles/led_blinky.elf.dir/home/anuj/Documents/example_npx/devices/LPC55S69/drivers/fsl_flexcomm.c.obj
 *fill*         0x000027bf        0x1 
 .rodata.__func__.1
                0x000027c0       0x1b CMakeFiles/led_blinky.elf.dir/home/anuj/Documents/example_npx/devices/LPC55S69/drivers/fsl_flexcomm.c.obj
 *fill*         0x000027db        0x1 
 .rodata.__func__.0
                0x000027dc       0x1b CMakeFiles/led_blinky.elf.dir/home/anuj/Documents/example_npx/devices/LPC55S69/drivers/fsl_flexcomm.c.obj
 *fill*         0x000027f7        0x1 
 .rodata.s_gpioClockName
                0x000027f8        0x8 CMakeFiles/led_blinky.elf.dir/home/anuj/Documents/example_npx/devices/LPC55S69/drivers/fsl_gpio.c.obj
 .rodata.s_gpioResets
                0x00002800       0x18 CMakeFiles/led_blinky.elf.dir/home/anuj/Documents/example_npx/devices/LPC55S69/drivers/fsl_gpio.c.obj
 .rodata.__func__.0
                0x00002818       0x15 CMakeFiles/led_blinky.elf.dir/home/anuj/Documents/example_npx/devices/LPC55S69/drivers/fsl_gpio.c.obj
 *fill*         0x0000282d        0x3 
 .rodata.__func__.1
                0x00002830       0x19 CMakeFiles/led_blinky.elf.dir/home/anuj/Documents/example_npx/devices/LPC55S69/drivers/fsl_reset.c.obj
 *fill*         0x00002849        0x3 
 .rodata.__func__.0
                0x0000284c       0x1b CMakeFiles/led_blinky.elf.dir/home/anuj/Documents/example_npx/devices/LPC55S69/drivers/fsl_reset.c.obj
 *(.glue_7)
 .glue_7        0x00002867        0x0 linker stubs
 *(.glue_7t)
 .glue_7t       0x00002867        0x0 linker stubs
 *(.eh_frame)
 *fill*         0x00002867        0x1 
 .eh_frame      0x00002868        0x0 /usr/local/mcuxpressoide-11.9.1_2170/ide/plugins/com.nxp.mcuxpresso.tools.linux_11.9.1.202402080819/tools/bin/../lib/gcc/arm-none-eabi/12.3.1/thumb/v8-m.main+fp/hard/crtbegin.o
 *(.init)
 .init          0x00002868        0x4 /usr/local/mcuxpressoide-11.9.1_2170/ide/plugins/com.nxp.mcuxpresso.tools.linux_11.9.1.202402080819/tools/bin/../lib/gcc/arm-none-eabi/12.3.1/thumb/v8-m.main+fp/hard/crti.o
                0x00002868                _init
 .init          0x0000286c        0x8 /usr/local/mcuxpressoide-11.9.1_2170/ide/plugins/com.nxp.mcuxpresso.tools.linux_11.9.1.202402080819/tools/bin/../lib/gcc/arm-none-eabi/12.3.1/thumb/v8-m.main+fp/hard/crtn.o
 *(.fini)
 .fini          0x00002874        0x4 /usr/local/mcuxpressoide-11.9.1_2170/ide/plugins/com.nxp.mcuxpresso.tools.linux_11.9.1.202402080819/tools/bin/../lib/gcc/arm-none-eabi/12.3.1/thumb/v8-m.main+fp/hard/crti.o
                0x00002874                _fini
 .fini          0x00002878        0x8 /usr/local/mcuxpressoide-11.9.1_2170/ide/plugins/com.nxp.mcuxpresso.tools.linux_11.9.1.202402080819/tools/bin/../lib/gcc/arm-none-eabi/12.3.1/thumb/v8-m.main+fp/hard/crtn.o
                0x00002880                        . = ALIGN (0x4)

.vfp11_veneer   0x00002880        0x0
 .vfp11_veneer  0x00002880        0x0 linker stubs

.v4_bx          0x00002880        0x0
 .v4_bx         0x00002880        0x0 linker stubs

.iplt           0x00002880        0x0
 .iplt          0x00002880        0x0 /usr/local/mcuxpressoide-11.9.1_2170/ide/plugins/com.nxp.mcuxpresso.tools.linux_11.9.1.202402080819/tools/bin/../lib/gcc/arm-none-eabi/12.3.1/thumb/v8-m.main+fp/hard/crtbegin.o

.ARM.extab
 *(.ARM.extab* .gnu.linkonce.armextab.*)

.ARM            0x00002880        0x8
                0x00002880                        __exidx_start = .
 *(.ARM.exidx*)
 .ARM.exidx     0x00002880        0x8 /usr/local/mcuxpressoide-11.9.1_2170/ide/plugins/com.nxp.mcuxpresso.tools.linux_11.9.1.202402080819/tools/bin/../lib/gcc/arm-none-eabi/12.3.1/../../../../arm-none-eabi/lib/thumb/v8-m.main+fp/hard/crt0.o
                                 0x10 (size before relaxing)
 .ARM.exidx     0x00002888        0x0 /usr/local/mcuxpressoide-11.9.1_2170/ide/plugins/com.nxp.mcuxpresso.tools.linux_11.9.1.202402080819/tools/bin/../lib/gcc/arm-none-eabi/12.3.1/../../../../arm-none-eabi/lib/thumb/v8-m.main+fp/hard/libc_nano.a(libc_a-strlen.o)
                                  0x8 (size before relaxing)
 .ARM.exidx.text.__udivmoddi4
                0x00002888        0x0 /usr/local/mcuxpressoide-11.9.1_2170/ide/plugins/com.nxp.mcuxpresso.tools.linux_11.9.1.202402080819/tools/bin/../lib/gcc/arm-none-eabi/12.3.1/thumb/v8-m.main+fp/hard/libgcc.a(_udivmoddi4.o)
                                  0x8 (size before relaxing)
                0x00002888                        __exidx_end = .

.rel.dyn        0x00002888        0x0
 .rel.iplt      0x00002888        0x0 /usr/local/mcuxpressoide-11.9.1_2170/ide/plugins/com.nxp.mcuxpresso.tools.linux_11.9.1.202402080819/tools/bin/../lib/gcc/arm-none-eabi/12.3.1/thumb/v8-m.main+fp/hard/crtbegin.o

.ctors          0x00002888        0x0
                0x00002888                        __CTOR_LIST__ = .
 *crtbegin.o(.ctors)
 *crtbegin?.o(.ctors)
 *(EXCLUDE_FILE(*crtend.o *crtend?.o) .ctors)
 *(SORT_BY_NAME(.ctors.*))
 *(.ctors)
                0x00002888                        __CTOR_END__ = .

.dtors          0x00002888        0x0
                0x00002888                        __DTOR_LIST__ = .
 *crtbegin.o(.dtors)
 *crtbegin?.o(.dtors)
 *(EXCLUDE_FILE(*crtend.o *crtend?.o) .dtors)
 *(SORT_BY_NAME(.dtors.*))
 *(.dtors)
                0x00002888                        __DTOR_END__ = .

.preinit_array  0x00002888        0x0
                0x00002888                        PROVIDE (__preinit_array_start = .)
 *(.preinit_array*)
                0x00002888                        PROVIDE (__preinit_array_end = .)

.init_array     0x00002888        0x4
                0x00002888                        PROVIDE (__init_array_start = .)
 *(SORT_BY_NAME(.init_array.*))
 *(.init_array*)
 .init_array    0x00002888        0x4 /usr/local/mcuxpressoide-11.9.1_2170/ide/plugins/com.nxp.mcuxpresso.tools.linux_11.9.1.202402080819/tools/bin/../lib/gcc/arm-none-eabi/12.3.1/thumb/v8-m.main+fp/hard/crtbegin.o
                0x0000288c                        PROVIDE (__init_array_end = .)

.fini_array     0x0000288c        0x4
                [!provide]                        PROVIDE (__fini_array_start = .)
 *(SORT_BY_NAME(.fini_array.*))
 *(.fini_array*)
 .fini_array    0x0000288c        0x4 /usr/local/mcuxpressoide-11.9.1_2170/ide/plugins/com.nxp.mcuxpresso.tools.linux_11.9.1.202402080819/tools/bin/../lib/gcc/arm-none-eabi/12.3.1/thumb/v8-m.main+fp/hard/crtbegin.o
                [!provide]                        PROVIDE (__fini_array_end = .)
                0x00002890                        __etext = .
                0x00002890                        __DATA_ROM = .

.data           0x20000000        0x4 load address 0x00002890
                0x20000000                        . = ALIGN (0x4)
                0x20000000                        __DATA_RAM = .
                0x20000000                        __data_start__ = .
 *(.ramfunc*)
 *(.data)
 *(.data*)
 .data.SystemCoreClock
                0x20000000        0x4 CMakeFiles/led_blinky.elf.dir/home/anuj/Documents/example_npx/devices/LPC55S69/system_LPC55S69_cm33_core0.c.obj
                0x20000000                SystemCoreClock
 *(.jcr*)
                0x20000004                        . = ALIGN (0x4)
                0x20000004                        __data_end__ = .
                0x00002894                        __DATA_END = (__DATA_ROM + (__data_end__ - __data_start__))
                0x00072000                        text_end = (ORIGIN (m_text) + LENGTH (m_text))
                0x00000001                        ASSERT ((__DATA_END <= text_end), region m_text overflowed with text and data)

.tm_clone_table
                0x20000004        0x0 load address 0x00002894
 .tm_clone_table
                0x20000004        0x0 /usr/local/mcuxpressoide-11.9.1_2170/ide/plugins/com.nxp.mcuxpresso.tools.linux_11.9.1.202402080819/tools/bin/../lib/gcc/arm-none-eabi/12.3.1/thumb/v8-m.main+fp/hard/crtbegin.o
 .tm_clone_table
                0x20000004        0x0 /usr/local/mcuxpressoide-11.9.1_2170/ide/plugins/com.nxp.mcuxpresso.tools.linux_11.9.1.202402080819/tools/bin/../lib/gcc/arm-none-eabi/12.3.1/thumb/v8-m.main+fp/hard/crtend.o

.igot.plt       0x20000004        0x0 load address 0x00002894
 .igot.plt      0x20000004        0x0 /usr/local/mcuxpressoide-11.9.1_2170/ide/plugins/com.nxp.mcuxpresso.tools.linux_11.9.1.202402080819/tools/bin/../lib/gcc/arm-none-eabi/12.3.1/thumb/v8-m.main+fp/hard/crtbegin.o

.bss            0x20000004       0x80 load address 0x00002894
                0x20000004                        . = ALIGN (0x4)
                0x20000004                        __START_BSS = .
                0x20000004                        __bss_start__ = .
 *(.bss)
 *(.bss*)
 .bss.completed.1
                0x20000004        0x1 /usr/local/mcuxpressoide-11.9.1_2170/ide/plugins/com.nxp.mcuxpresso.tools.linux_11.9.1.202402080819/tools/bin/../lib/gcc/arm-none-eabi/12.3.1/thumb/v8-m.main+fp/hard/crtbegin.o
 *fill*         0x20000005        0x3 
 .bss.object.0  0x20000008       0x18 /usr/local/mcuxpressoide-11.9.1_2170/ide/plugins/com.nxp.mcuxpresso.tools.linux_11.9.1.202402080819/tools/bin/../lib/gcc/arm-none-eabi/12.3.1/thumb/v8-m.main+fp/hard/crtbegin.o
 .bss.g_systickCounter
                0x20000020        0x4 CMakeFiles/led_blinky.elf.dir/home/anuj/Documents/led_blinky/lpcxpresso55s69_led_blinky/led_blinky.c.obj
                0x20000020                g_systickCounter
 .bss.s_flexcommIrqHandler
                0x20000024       0x24 CMakeFiles/led_blinky.elf.dir/home/anuj/Documents/example_npx/devices/LPC55S69/drivers/fsl_flexcomm.c.obj
 .bss.s_flexcommHandle
                0x20000048       0x24 CMakeFiles/led_blinky.elf.dir/home/anuj/Documents/example_npx/devices/LPC55S69/drivers/fsl_flexcomm.c.obj
 .bss.s_debugConsole
                0x2000006c       0x14 CMakeFiles/led_blinky.elf.dir/home/anuj/Documents/example_npx/devices/LPC55S69/utilities/debug_console_lite/fsl_debug_console.c.obj
 .bss.__stdio_exit_handler
                0x20000080        0x4 /usr/local/mcuxpressoide-11.9.1_2170/ide/plugins/com.nxp.mcuxpresso.tools.linux_11.9.1.202402080819/tools/bin/../lib/gcc/arm-none-eabi/12.3.1/../../../../arm-none-eabi/lib/thumb/v8-m.main+fp/hard/libc_nano.a(libc_a-findfp.o)
                0x20000080                __stdio_exit_handler
 *(COMMON)
                0x20000084                        . = ALIGN (0x4)
                0x20000084                        __bss_end__ = .
                0x20000084                        __END_BSS = .

.heap           0x20000084      0x404 load address 0x00002914
                0x20000088                        . = ALIGN (0x8)
 *fill*         0x20000084        0x4 
                0x20000088                        __end__ = .
                0x20000088                        PROVIDE (end = .)
                0x20000088                        __HeapBase = .
                0x20000488                        . = (. + HEAP_SIZE)
 *fill*         0x20000088      0x400 
                0x20000488                        __HeapLimit = .
                0x20000488                        __heap_limit = .

.stack          0x20000488      0x800 load address 0x00002d18
                0x20000488                        . = ALIGN (0x8)
                0x20000c88                        . = (. + STACK_SIZE)
 *fill*         0x20000488      0x800 

m_usb_bdt       0x40100000        0x0
                0x40100000                        . = ALIGN (0x200)
 *(m_usb_bdt)

m_usb_global
 *(m_usb_global)
                0x20033000                        __StackTop = (ORIGIN (m_data) + LENGTH (m_data))
                0x20032800                        __StackLimit = (__StackTop - STACK_SIZE)
                0x20033000                        PROVIDE (__stack = __StackTop)

.ARM.attributes
                0x00000000       0x36
 *(.ARM.attributes)
 .ARM.attributes
                0x00000000       0x26 /usr/local/mcuxpressoide-11.9.1_2170/ide/plugins/com.nxp.mcuxpresso.tools.linux_11.9.1.202402080819/tools/bin/../lib/gcc/arm-none-eabi/12.3.1/thumb/v8-m.main+fp/hard/crti.o
 .ARM.attributes
                0x00000026       0x38 /usr/local/mcuxpressoide-11.9.1_2170/ide/plugins/com.nxp.mcuxpresso.tools.linux_11.9.1.202402080819/tools/bin/../lib/gcc/arm-none-eabi/12.3.1/thumb/v8-m.main+fp/hard/crtbegin.o
 .ARM.attributes
                0x0000005e       0x24 /usr/local/mcuxpressoide-11.9.1_2170/ide/plugins/com.nxp.mcuxpresso.tools.linux_11.9.1.202402080819/tools/bin/../lib/gcc/arm-none-eabi/12.3.1/../../../../arm-none-eabi/lib/thumb/v8-m.main+fp/hard/crt0.o
 .ARM.attributes
                0x00000082       0x3a CMakeFiles/led_blinky.elf.dir/home/anuj/Documents/led_blinky/lpcxpresso55s69_led_blinky/led_blinky.c.obj
 .ARM.attributes
                0x000000bc       0x3a CMakeFiles/led_blinky.elf.dir/home/anuj/Documents/led_blinky/lpcxpresso55s69_led_blinky/pin_mux.c.obj
 .ARM.attributes
                0x000000f6       0x24 CMakeFiles/led_blinky.elf.dir/home/anuj/Documents/example_npx/devices/LPC55S69/gcc/startup_LPC55S69_cm33_core0.S.obj
 .ARM.attributes
                0x0000011a       0x3a CMakeFiles/led_blinky.elf.dir/home/anuj/Documents/example_npx/devices/LPC55S69/system_LPC55S69_cm33_core0.c.obj
 .ARM.attributes
                0x00000154       0x3a CMakeFiles/led_blinky.elf.dir/home/anuj/Documents/example_npx/devices/LPC55S69/drivers/fsl_flexcomm.c.obj
 .ARM.attributes
                0x0000018e       0x3a CMakeFiles/led_blinky.elf.dir/home/anuj/Documents/example_npx/devices/LPC55S69/drivers/fsl_gpio.c.obj
 .ARM.attributes
                0x000001c8       0x3a CMakeFiles/led_blinky.elf.dir/home/anuj/Documents/example_npx/devices/LPC55S69/drivers/fsl_reset.c.obj
 .ARM.attributes
                0x00000202       0x26 CMakeFiles/led_blinky.elf.dir/home/anuj/Documents/example_npx/devices/LPC55S69/utilities/fsl_memcpy.S.obj
 .ARM.attributes
                0x00000228       0x3a CMakeFiles/led_blinky.elf.dir/home/anuj/Documents/example_npx/devices/LPC55S69/utilities/debug_console_lite/fsl_assert.c.obj
 .ARM.attributes
                0x00000262       0x3a CMakeFiles/led_blinky.elf.dir/home/anuj/Documents/example_npx/devices/LPC55S69/utilities/debug_console_lite/fsl_debug_console.c.obj
 .ARM.attributes
                0x0000029c       0x26 /usr/local/mcuxpressoide-11.9.1_2170/ide/plugins/com.nxp.mcuxpresso.tools.linux_11.9.1.202402080819/tools/bin/../lib/gcc/arm-none-eabi/12.3.1/thumb/v8-m.main+fp/hard/libgcc.a(_aeabi_uldivmod.o)
 .ARM.attributes
                0x000002c2       0x38 /usr/local/mcuxpressoide-11.9.1_2170/ide/plugins/com.nxp.mcuxpresso.tools.linux_11.9.1.202402080819/tools/bin/../lib/gcc/arm-none-eabi/12.3.1/thumb/v8-m.main+fp/hard/libgcc.a(_fixunssfdi.o)
 .ARM.attributes
                0x000002fa       0x38 /usr/local/mcuxpressoide-11.9.1_2170/ide/plugins/com.nxp.mcuxpresso.tools.linux_11.9.1.202402080819/tools/bin/../lib/gcc/arm-none-eabi/12.3.1/thumb/v8-m.main+fp/hard/libgcc.a(_udivmoddi4.o)
 .ARM.attributes
                0x00000332       0x26 /usr/local/mcuxpressoide-11.9.1_2170/ide/plugins/com.nxp.mcuxpresso.tools.linux_11.9.1.202402080819/tools/bin/../lib/gcc/arm-none-eabi/12.3.1/thumb/v8-m.main+fp/hard/libgcc.a(_arm_muldf3.o)
 .ARM.attributes
                0x00000358       0x26 /usr/local/mcuxpressoide-11.9.1_2170/ide/plugins/com.nxp.mcuxpresso.tools.linux_11.9.1.202402080819/tools/bin/../lib/gcc/arm-none-eabi/12.3.1/thumb/v8-m.main+fp/hard/libgcc.a(_dvmd_tls.o)
 .ARM.attributes
                0x0000037e       0x26 /usr/local/mcuxpressoide-11.9.1_2170/ide/plugins/com.nxp.mcuxpresso.tools.linux_11.9.1.202402080819/tools/bin/../lib/gcc/arm-none-eabi/12.3.1/thumb/v8-m.main+fp/hard/libgcc.a(_arm_addsubdf3.o)
 .ARM.attributes
                0x000003a4       0x26 /usr/local/mcuxpressoide-11.9.1_2170/ide/plugins/com.nxp.mcuxpresso.tools.linux_11.9.1.202402080819/tools/bin/../lib/gcc/arm-none-eabi/12.3.1/thumb/v8-m.main+fp/hard/libgcc.a(_arm_fixunsdfsi.o)
 .ARM.attributes
                0x000003ca       0x38 /usr/local/mcuxpressoide-11.9.1_2170/ide/plugins/com.nxp.mcuxpresso.tools.linux_11.9.1.202402080819/tools/bin/../lib/gcc/arm-none-eabi/12.3.1/../../../../arm-none-eabi/lib/thumb/v8-m.main+fp/hard/libc_nano.a(libc_a-exit.o)
 .ARM.attributes
                0x00000402       0x38 /usr/local/mcuxpressoide-11.9.1_2170/ide/plugins/com.nxp.mcuxpresso.tools.linux_11.9.1.202402080819/tools/bin/../lib/gcc/arm-none-eabi/12.3.1/../../../../arm-none-eabi/lib/thumb/v8-m.main+fp/hard/libc_nano.a(libc_a-init.o)
 .ARM.attributes
                0x0000043a       0x24 /usr/local/mcuxpressoide-11.9.1_2170/ide/plugins/com.nxp.mcuxpresso.tools.linux_11.9.1.202402080819/tools/bin/../lib/gcc/arm-none-eabi/12.3.1/../../../../arm-none-eabi/lib/thumb/v8-m.main+fp/hard/libc_nano.a(libc_a-strlen.o)
 .ARM.attributes
                0x0000045e       0x38 /usr/local/mcuxpressoide-11.9.1_2170/ide/plugins/com.nxp.mcuxpresso.tools.linux_11.9.1.202402080819/tools/bin/../lib/gcc/arm-none-eabi/12.3.1/../../../../arm-none-eabi/lib/thumb/v8-m.main+fp/hard/libc_nano.a(libc_a-findfp.o)
 .ARM.attributes
                0x00000496       0x38 /usr/local/mcuxpressoide-11.9.1_2170/ide/plugins/com.nxp.mcuxpresso.tools.linux_11.9.1.202402080819/tools/bin/../lib/gcc/arm-none-eabi/12.3.1/../../../../arm-none-eabi/lib/thumb/v8-m.main+fp/hard/libc_nano.a(libc_a-memset.o)
 .ARM.attributes
                0x000004ce       0x38 /usr/local/mcuxpressoide-11.9.1_2170/ide/plugins/com.nxp.mcuxpresso.tools.linux_11.9.1.202402080819/tools/bin/../lib/gcc/arm-none-eabi/12.3.1/../../../../arm-none-eabi/lib/thumb/v8-m.main+fp/hard/libcr_newlib_nohost.a(_exit.o)
 .ARM.attributes
                0x00000506       0x38 /usr/local/mcuxpressoide-11.9.1_2170/ide/plugins/com.nxp.mcuxpresso.tools.linux_11.9.1.202402080819/tools/bin/../lib/gcc/arm-none-eabi/12.3.1/thumb/v8-m.main+fp/hard/crtend.o
 .ARM.attributes
                0x0000053e       0x26 /usr/local/mcuxpressoide-11.9.1_2170/ide/plugins/com.nxp.mcuxpresso.tools.linux_11.9.1.202402080819/tools/bin/../lib/gcc/arm-none-eabi/12.3.1/thumb/v8-m.main+fp/hard/crtn.o
                0x00000001                        ASSERT ((__StackLimit >= __HeapLimit), region m_data overflowed with stack and heap)
OUTPUT(led_blinky.elf elf32-littlearm)
LOAD linker stubs

.debug_line_str
                0x00000000      0x37f
 .debug_line_str
                0x00000000       0xd3 /usr/local/mcuxpressoide-11.9.1_2170/ide/plugins/com.nxp.mcuxpresso.tools.linux_11.9.1.202402080819/tools/bin/../lib/gcc/arm-none-eabi/12.3.1/../../../../arm-none-eabi/lib/thumb/v8-m.main+fp/hard/crt0.o
 .debug_line_str
                0x000000d3       0x9c CMakeFiles/led_blinky.elf.dir/home/anuj/Documents/example_npx/devices/LPC55S69/gcc/startup_LPC55S69_cm33_core0.S.obj
 .debug_line_str
                0x0000016f       0x49 CMakeFiles/led_blinky.elf.dir/home/anuj/Documents/example_npx/devices/LPC55S69/utilities/fsl_memcpy.S.obj
                                 0x91 (size before relaxing)
 .debug_line_str
                0x000001b8       0xc6 /usr/local/mcuxpressoide-11.9.1_2170/ide/plugins/com.nxp.mcuxpresso.tools.linux_11.9.1.202402080819/tools/bin/../lib/gcc/arm-none-eabi/12.3.1/thumb/v8-m.main+fp/hard/libgcc.a(_aeabi_uldivmod.o)
 .debug_line_str
                0x0000027e        0xd /usr/local/mcuxpressoide-11.9.1_2170/ide/plugins/com.nxp.mcuxpresso.tools.linux_11.9.1.202402080819/tools/bin/../lib/gcc/arm-none-eabi/12.3.1/thumb/v8-m.main+fp/hard/libgcc.a(_arm_muldf3.o)
                                 0xcb (size before relaxing)
 .debug_line_str
                0x0000028b        0xc /usr/local/mcuxpressoide-11.9.1_2170/ide/plugins/com.nxp.mcuxpresso.tools.linux_11.9.1.202402080819/tools/bin/../lib/gcc/arm-none-eabi/12.3.1/thumb/v8-m.main+fp/hard/libgcc.a(_dvmd_tls.o)
                                 0xca (size before relaxing)
 .debug_line_str
                0x00000297       0xcb /usr/local/mcuxpressoide-11.9.1_2170/ide/plugins/com.nxp.mcuxpresso.tools.linux_11.9.1.202402080819/tools/bin/../lib/gcc/arm-none-eabi/12.3.1/thumb/v8-m.main+fp/hard/libgcc.a(_arm_addsubdf3.o)
 .debug_line_str
                0x00000297       0xcb /usr/local/mcuxpressoide-11.9.1_2170/ide/plugins/com.nxp.mcuxpresso.tools.linux_11.9.1.202402080819/tools/bin/../lib/gcc/arm-none-eabi/12.3.1/thumb/v8-m.main+fp/hard/libgcc.a(_arm_fixunsdfsi.o)
 .debug_line_str
                0x00000297       0xe8 /usr/local/mcuxpressoide-11.9.1_2170/ide/plugins/com.nxp.mcuxpresso.tools.linux_11.9.1.202402080819/tools/bin/../lib/gcc/arm-none-eabi/12.3.1/../../../../arm-none-eabi/lib/thumb/v8-m.main+fp/hard/libc_nano.a(libc_a-strlen.o)

.debug_info     0x00000000     0x963c
 .debug_info    0x00000000     0x1ba2 CMakeFiles/led_blinky.elf.dir/home/anuj/Documents/led_blinky/lpcxpresso55s69_led_blinky/led_blinky.c.obj
 .debug_info    0x00001ba2     0x10f2 CMakeFiles/led_blinky.elf.dir/home/anuj/Documents/led_blinky/lpcxpresso55s69_led_blinky/pin_mux.c.obj
 .debug_info    0x00002c94      0x658 CMakeFiles/led_blinky.elf.dir/home/anuj/Documents/example_npx/devices/LPC55S69/gcc/startup_LPC55S69_cm33_core0.S.obj
 .debug_info    0x000032ec     0x1453 CMakeFiles/led_blinky.elf.dir/home/anuj/Documents/example_npx/devices/LPC55S69/system_LPC55S69_cm33_core0.c.obj
 .debug_info    0x0000473f     0x1ae1 CMakeFiles/led_blinky.elf.dir/home/anuj/Documents/example_npx/devices/LPC55S69/drivers/fsl_flexcomm.c.obj
 .debug_info    0x00006220     0x1707 CMakeFiles/led_blinky.elf.dir/home/anuj/Documents/example_npx/devices/LPC55S69/drivers/fsl_gpio.c.obj
 .debug_info    0x00007927      0xe97 CMakeFiles/led_blinky.elf.dir/home/anuj/Documents/example_npx/devices/LPC55S69/drivers/fsl_reset.c.obj
 .debug_info    0x000087be       0x25 CMakeFiles/led_blinky.elf.dir/home/anuj/Documents/example_npx/devices/LPC55S69/utilities/fsl_memcpy.S.obj
 .debug_info    0x000087e3      0x12d CMakeFiles/led_blinky.elf.dir/home/anuj/Documents/example_npx/devices/LPC55S69/utilities/debug_console_lite/fsl_assert.c.obj
 .debug_info    0x00008910      0xccb CMakeFiles/led_blinky.elf.dir/home/anuj/Documents/example_npx/devices/LPC55S69/utilities/debug_console_lite/fsl_debug_console.c.obj
 .debug_info    0x000095db       0x61 /usr/local/mcuxpressoide-11.9.1_2170/ide/plugins/com.nxp.mcuxpresso.tools.linux_11.9.1.202402080819/tools/bin/../lib/gcc/arm-none-eabi/12.3.1/../../../../arm-none-eabi/lib/thumb/v8-m.main+fp/hard/libcr_newlib_nohost.a(_exit.o)

.debug_abbrev   0x00000000     0x114a
 .debug_abbrev  0x00000000      0x283 CMakeFiles/led_blinky.elf.dir/home/anuj/Documents/led_blinky/lpcxpresso55s69_led_blinky/led_blinky.c.obj
 .debug_abbrev  0x00000283      0x24a CMakeFiles/led_blinky.elf.dir/home/anuj/Documents/led_blinky/lpcxpresso55s69_led_blinky/pin_mux.c.obj
 .debug_abbrev  0x000004cd       0x26 CMakeFiles/led_blinky.elf.dir/home/anuj/Documents/example_npx/devices/LPC55S69/gcc/startup_LPC55S69_cm33_core0.S.obj
 .debug_abbrev  0x000004f3      0x20d CMakeFiles/led_blinky.elf.dir/home/anuj/Documents/example_npx/devices/LPC55S69/system_LPC55S69_cm33_core0.c.obj
 .debug_abbrev  0x00000700      0x2e0 CMakeFiles/led_blinky.elf.dir/home/anuj/Documents/example_npx/devices/LPC55S69/drivers/fsl_flexcomm.c.obj
 .debug_abbrev  0x000009e0      0x262 CMakeFiles/led_blinky.elf.dir/home/anuj/Documents/example_npx/devices/LPC55S69/drivers/fsl_gpio.c.obj
 .debug_abbrev  0x00000c42      0x17d CMakeFiles/led_blinky.elf.dir/home/anuj/Documents/example_npx/devices/LPC55S69/drivers/fsl_reset.c.obj
 .debug_abbrev  0x00000dbf       0x14 CMakeFiles/led_blinky.elf.dir/home/anuj/Documents/example_npx/devices/LPC55S69/utilities/fsl_memcpy.S.obj
 .debug_abbrev  0x00000dd3       0xa8 CMakeFiles/led_blinky.elf.dir/home/anuj/Documents/example_npx/devices/LPC55S69/utilities/debug_console_lite/fsl_assert.c.obj
 .debug_abbrev  0x00000e7b      0x271 CMakeFiles/led_blinky.elf.dir/home/anuj/Documents/example_npx/devices/LPC55S69/utilities/debug_console_lite/fsl_debug_console.c.obj
 .debug_abbrev  0x000010ec       0x5e /usr/local/mcuxpressoide-11.9.1_2170/ide/plugins/com.nxp.mcuxpresso.tools.linux_11.9.1.202402080819/tools/bin/../lib/gcc/arm-none-eabi/12.3.1/../../../../arm-none-eabi/lib/thumb/v8-m.main+fp/hard/libcr_newlib_nohost.a(_exit.o)

.debug_aranges  0x00000000      0x308
 .debug_aranges
                0x00000000       0x50 CMakeFiles/led_blinky.elf.dir/home/anuj/Documents/led_blinky/lpcxpresso55s69_led_blinky/led_blinky.c.obj
 .debug_aranges
                0x00000050       0x38 CMakeFiles/led_blinky.elf.dir/home/anuj/Documents/led_blinky/lpcxpresso55s69_led_blinky/pin_mux.c.obj
 .debug_aranges
                0x00000088       0x20 CMakeFiles/led_blinky.elf.dir/home/anuj/Documents/example_npx/devices/LPC55S69/gcc/startup_LPC55S69_cm33_core0.S.obj
 .debug_aranges
                0x000000a8       0x88 CMakeFiles/led_blinky.elf.dir/home/anuj/Documents/example_npx/devices/LPC55S69/system_LPC55S69_cm33_core0.c.obj
 .debug_aranges
                0x00000130       0x90 CMakeFiles/led_blinky.elf.dir/home/anuj/Documents/example_npx/devices/LPC55S69/drivers/fsl_flexcomm.c.obj
 .debug_aranges
                0x000001c0       0x38 CMakeFiles/led_blinky.elf.dir/home/anuj/Documents/example_npx/devices/LPC55S69/drivers/fsl_gpio.c.obj
 .debug_aranges
                0x000001f8       0x30 CMakeFiles/led_blinky.elf.dir/home/anuj/Documents/example_npx/devices/LPC55S69/drivers/fsl_reset.c.obj
 .debug_aranges
                0x00000228       0x20 CMakeFiles/led_blinky.elf.dir/home/anuj/Documents/example_npx/devices/LPC55S69/utilities/fsl_memcpy.S.obj
 .debug_aranges
                0x00000248       0x28 CMakeFiles/led_blinky.elf.dir/home/anuj/Documents/example_npx/devices/LPC55S69/utilities/debug_console_lite/fsl_assert.c.obj
 .debug_aranges
                0x00000270       0x78 CMakeFiles/led_blinky.elf.dir/home/anuj/Documents/example_npx/devices/LPC55S69/utilities/debug_console_lite/fsl_debug_console.c.obj
 .debug_aranges
                0x000002e8       0x20 /usr/local/mcuxpressoide-11.9.1_2170/ide/plugins/com.nxp.mcuxpresso.tools.linux_11.9.1.202402080819/tools/bin/../lib/gcc/arm-none-eabi/12.3.1/../../../../arm-none-eabi/lib/thumb/v8-m.main+fp/hard/libcr_newlib_nohost.a(_exit.o)

.debug_rnglists
                0x00000000      0x1dd
 .debug_rnglists
                0x00000000       0x37 CMakeFiles/led_blinky.elf.dir/home/anuj/Documents/led_blinky/lpcxpresso55s69_led_blinky/led_blinky.c.obj
 .debug_rnglists
                0x00000037       0x25 CMakeFiles/led_blinky.elf.dir/home/anuj/Documents/led_blinky/lpcxpresso55s69_led_blinky/pin_mux.c.obj
 .debug_rnglists
                0x0000005c       0x63 CMakeFiles/led_blinky.elf.dir/home/anuj/Documents/example_npx/devices/LPC55S69/system_LPC55S69_cm33_core0.c.obj
 .debug_rnglists
                0x000000bf       0x67 CMakeFiles/led_blinky.elf.dir/home/anuj/Documents/example_npx/devices/LPC55S69/drivers/fsl_flexcomm.c.obj
 .debug_rnglists
                0x00000126       0x26 CMakeFiles/led_blinky.elf.dir/home/anuj/Documents/example_npx/devices/LPC55S69/drivers/fsl_gpio.c.obj
 .debug_rnglists
                0x0000014c       0x1f CMakeFiles/led_blinky.elf.dir/home/anuj/Documents/example_npx/devices/LPC55S69/drivers/fsl_reset.c.obj
 .debug_rnglists
                0x0000016b       0x19 CMakeFiles/led_blinky.elf.dir/home/anuj/Documents/example_npx/devices/LPC55S69/utilities/debug_console_lite/fsl_assert.c.obj
 .debug_rnglists
                0x00000184       0x59 CMakeFiles/led_blinky.elf.dir/home/anuj/Documents/example_npx/devices/LPC55S69/utilities/debug_console_lite/fsl_debug_console.c.obj

.debug_line     0x00000000     0x2135
 .debug_line    0x00000000      0x38b CMakeFiles/led_blinky.elf.dir/home/anuj/Documents/led_blinky/lpcxpresso55s69_led_blinky/led_blinky.c.obj
 .debug_line    0x0000038b      0x245 CMakeFiles/led_blinky.elf.dir/home/anuj/Documents/led_blinky/lpcxpresso55s69_led_blinky/pin_mux.c.obj
 .debug_line    0x000005d0      0x1d9 CMakeFiles/led_blinky.elf.dir/home/anuj/Documents/example_npx/devices/LPC55S69/gcc/startup_LPC55S69_cm33_core0.S.obj
 .debug_line    0x000007a9      0x5c7 CMakeFiles/led_blinky.elf.dir/home/anuj/Documents/example_npx/devices/LPC55S69/system_LPC55S69_cm33_core0.c.obj
 .debug_line    0x00000d70      0x4e9 CMakeFiles/led_blinky.elf.dir/home/anuj/Documents/example_npx/devices/LPC55S69/drivers/fsl_flexcomm.c.obj
 .debug_line    0x00001259      0x2cf CMakeFiles/led_blinky.elf.dir/home/anuj/Documents/example_npx/devices/LPC55S69/drivers/fsl_gpio.c.obj
 .debug_line    0x00001528      0x297 CMakeFiles/led_blinky.elf.dir/home/anuj/Documents/example_npx/devices/LPC55S69/drivers/fsl_reset.c.obj
 .debug_line    0x000017bf       0x88 CMakeFiles/led_blinky.elf.dir/home/anuj/Documents/example_npx/devices/LPC55S69/utilities/fsl_memcpy.S.obj
 .debug_line    0x00001847      0x152 CMakeFiles/led_blinky.elf.dir/home/anuj/Documents/example_npx/devices/LPC55S69/utilities/debug_console_lite/fsl_assert.c.obj
 .debug_line    0x00001999      0x750 CMakeFiles/led_blinky.elf.dir/home/anuj/Documents/example_npx/devices/LPC55S69/utilities/debug_console_lite/fsl_debug_console.c.obj
 .debug_line    0x000020e9       0x4c /usr/local/mcuxpressoide-11.9.1_2170/ide/plugins/com.nxp.mcuxpresso.tools.linux_11.9.1.202402080819/tools/bin/../lib/gcc/arm-none-eabi/12.3.1/../../../../arm-none-eabi/lib/thumb/v8-m.main+fp/hard/libcr_newlib_nohost.a(_exit.o)

.debug_str      0x00000000     0x4618
 .debug_str     0x00000000     0x1dee CMakeFiles/led_blinky.elf.dir/home/anuj/Documents/led_blinky/lpcxpresso55s69_led_blinky/led_blinky.c.obj
                               0x1e5a (size before relaxing)
 .debug_str     0x00001dee      0x6d1 CMakeFiles/led_blinky.elf.dir/home/anuj/Documents/led_blinky/lpcxpresso55s69_led_blinky/pin_mux.c.obj
                               0x1029 (size before relaxing)
 .debug_str     0x000024bf      0xbc9 CMakeFiles/led_blinky.elf.dir/home/anuj/Documents/example_npx/devices/LPC55S69/gcc/startup_LPC55S69_cm33_core0.S.obj
                                0xc21 (size before relaxing)
 .debug_str     0x00003088      0x26a CMakeFiles/led_blinky.elf.dir/home/anuj/Documents/example_npx/devices/LPC55S69/system_LPC55S69_cm33_core0.c.obj
                                0xd70 (size before relaxing)
 .debug_str     0x000032f2      0x90e CMakeFiles/led_blinky.elf.dir/home/anuj/Documents/example_npx/devices/LPC55S69/drivers/fsl_flexcomm.c.obj
                               0x2712 (size before relaxing)
 .debug_str     0x00003c00       0x77 CMakeFiles/led_blinky.elf.dir/home/anuj/Documents/example_npx/devices/LPC55S69/drivers/fsl_gpio.c.obj
                               0x20b0 (size before relaxing)
 .debug_str     0x00003c77       0x9d CMakeFiles/led_blinky.elf.dir/home/anuj/Documents/example_npx/devices/LPC55S69/drivers/fsl_reset.c.obj
                               0x101d (size before relaxing)
 .debug_str     0x00003d14       0x49 CMakeFiles/led_blinky.elf.dir/home/anuj/Documents/example_npx/devices/LPC55S69/utilities/fsl_memcpy.S.obj
                                 0x9f (size before relaxing)
 .debug_str     0x00003d5d       0x93 CMakeFiles/led_blinky.elf.dir/home/anuj/Documents/example_npx/devices/LPC55S69/utilities/debug_console_lite/fsl_assert.c.obj
                                0x27b (size before relaxing)
 .debug_str     0x00003df0      0x6b1 CMakeFiles/led_blinky.elf.dir/home/anuj/Documents/example_npx/devices/LPC55S69/utilities/debug_console_lite/fsl_debug_console.c.obj
                               0x13d4 (size before relaxing)
 .debug_str     0x000044a1      0x177 /usr/local/mcuxpressoide-11.9.1_2170/ide/plugins/com.nxp.mcuxpresso.tools.linux_11.9.1.202402080819/tools/bin/../lib/gcc/arm-none-eabi/12.3.1/../../../../arm-none-eabi/lib/thumb/v8-m.main+fp/hard/libcr_newlib_nohost.a(_exit.o)

.comment        0x00000000       0x45
 .comment       0x00000000       0x45 CMakeFiles/led_blinky.elf.dir/home/anuj/Documents/led_blinky/lpcxpresso55s69_led_blinky/led_blinky.c.obj
                                 0x46 (size before relaxing)
 .comment       0x00000045       0x46 CMakeFiles/led_blinky.elf.dir/home/anuj/Documents/led_blinky/lpcxpresso55s69_led_blinky/pin_mux.c.obj
 .comment       0x00000045       0x46 CMakeFiles/led_blinky.elf.dir/home/anuj/Documents/example_npx/devices/LPC55S69/system_LPC55S69_cm33_core0.c.obj
 .comment       0x00000045       0x46 CMakeFiles/led_blinky.elf.dir/home/anuj/Documents/example_npx/devices/LPC55S69/drivers/fsl_flexcomm.c.obj
 .comment       0x00000045       0x46 CMakeFiles/led_blinky.elf.dir/home/anuj/Documents/example_npx/devices/LPC55S69/drivers/fsl_gpio.c.obj
 .comment       0x00000045       0x46 CMakeFiles/led_blinky.elf.dir/home/anuj/Documents/example_npx/devices/LPC55S69/drivers/fsl_reset.c.obj
 .comment       0x00000045       0x46 CMakeFiles/led_blinky.elf.dir/home/anuj/Documents/example_npx/devices/LPC55S69/utilities/debug_console_lite/fsl_assert.c.obj
 .comment       0x00000045       0x46 CMakeFiles/led_blinky.elf.dir/home/anuj/Documents/example_npx/devices/LPC55S69/utilities/debug_console_lite/fsl_debug_console.c.obj
 .comment       0x00000045       0x46 /usr/local/mcuxpressoide-11.9.1_2170/ide/plugins/com.nxp.mcuxpresso.tools.linux_11.9.1.202402080819/tools/bin/../lib/gcc/arm-none-eabi/12.3.1/../../../../arm-none-eabi/lib/thumb/v8-m.main+fp/hard/libcr_newlib_nohost.a(_exit.o)

.debug_frame    0x00000000      0xcc0
 .debug_frame   0x00000000      0x110 CMakeFiles/led_blinky.elf.dir/home/anuj/Documents/led_blinky/lpcxpresso55s69_led_blinky/led_blinky.c.obj
 .debug_frame   0x00000110       0xa0 CMakeFiles/led_blinky.elf.dir/home/anuj/Documents/led_blinky/lpcxpresso55s69_led_blinky/pin_mux.c.obj
 .debug_frame   0x000001b0      0x20c CMakeFiles/led_blinky.elf.dir/home/anuj/Documents/example_npx/devices/LPC55S69/system_LPC55S69_cm33_core0.c.obj
 .debug_frame   0x000003bc      0x234 CMakeFiles/led_blinky.elf.dir/home/anuj/Documents/example_npx/devices/LPC55S69/drivers/fsl_flexcomm.c.obj
 .debug_frame   0x000005f0       0xa4 CMakeFiles/led_blinky.elf.dir/home/anuj/Documents/example_npx/devices/LPC55S69/drivers/fsl_gpio.c.obj
 .debug_frame   0x00000694       0x7c CMakeFiles/led_blinky.elf.dir/home/anuj/Documents/example_npx/devices/LPC55S69/drivers/fsl_reset.c.obj
 .debug_frame   0x00000710       0x58 CMakeFiles/led_blinky.elf.dir/home/anuj/Documents/example_npx/devices/LPC55S69/utilities/debug_console_lite/fsl_assert.c.obj
 .debug_frame   0x00000768      0x1f0 CMakeFiles/led_blinky.elf.dir/home/anuj/Documents/example_npx/devices/LPC55S69/utilities/debug_console_lite/fsl_debug_console.c.obj
 .debug_frame   0x00000958       0x2c /usr/local/mcuxpressoide-11.9.1_2170/ide/plugins/com.nxp.mcuxpresso.tools.linux_11.9.1.202402080819/tools/bin/../lib/gcc/arm-none-eabi/12.3.1/thumb/v8-m.main+fp/hard/libgcc.a(_aeabi_uldivmod.o)
 .debug_frame   0x00000984       0x2c /usr/local/mcuxpressoide-11.9.1_2170/ide/plugins/com.nxp.mcuxpresso.tools.linux_11.9.1.202402080819/tools/bin/../lib/gcc/arm-none-eabi/12.3.1/thumb/v8-m.main+fp/hard/libgcc.a(_fixunssfdi.o)
 .debug_frame   0x000009b0       0x38 /usr/local/mcuxpressoide-11.9.1_2170/ide/plugins/com.nxp.mcuxpresso.tools.linux_11.9.1.202402080819/tools/bin/../lib/gcc/arm-none-eabi/12.3.1/thumb/v8-m.main+fp/hard/libgcc.a(_udivmoddi4.o)
 .debug_frame   0x000009e8       0x30 /usr/local/mcuxpressoide-11.9.1_2170/ide/plugins/com.nxp.mcuxpresso.tools.linux_11.9.1.202402080819/tools/bin/../lib/gcc/arm-none-eabi/12.3.1/thumb/v8-m.main+fp/hard/libgcc.a(_arm_muldf3.o)
 .debug_frame   0x00000a18       0xac /usr/local/mcuxpressoide-11.9.1_2170/ide/plugins/com.nxp.mcuxpresso.tools.linux_11.9.1.202402080819/tools/bin/../lib/gcc/arm-none-eabi/12.3.1/thumb/v8-m.main+fp/hard/libgcc.a(_arm_addsubdf3.o)
 .debug_frame   0x00000ac4       0x24 /usr/local/mcuxpressoide-11.9.1_2170/ide/plugins/com.nxp.mcuxpresso.tools.linux_11.9.1.202402080819/tools/bin/../lib/gcc/arm-none-eabi/12.3.1/thumb/v8-m.main+fp/hard/libgcc.a(_arm_fixunsdfsi.o)
 .debug_frame   0x00000ae8       0x28 /usr/local/mcuxpressoide-11.9.1_2170/ide/plugins/com.nxp.mcuxpresso.tools.linux_11.9.1.202402080819/tools/bin/../lib/gcc/arm-none-eabi/12.3.1/../../../../arm-none-eabi/lib/thumb/v8-m.main+fp/hard/libc_nano.a(libc_a-exit.o)
 .debug_frame   0x00000b10       0x2c /usr/local/mcuxpressoide-11.9.1_2170/ide/plugins/com.nxp.mcuxpresso.tools.linux_11.9.1.202402080819/tools/bin/../lib/gcc/arm-none-eabi/12.3.1/../../../../arm-none-eabi/lib/thumb/v8-m.main+fp/hard/libc_nano.a(libc_a-init.o)
 .debug_frame   0x00000b3c      0x144 /usr/local/mcuxpressoide-11.9.1_2170/ide/plugins/com.nxp.mcuxpresso.tools.linux_11.9.1.202402080819/tools/bin/../lib/gcc/arm-none-eabi/12.3.1/../../../../arm-none-eabi/lib/thumb/v8-m.main+fp/hard/libc_nano.a(libc_a-findfp.o)
 .debug_frame   0x00000c80       0x20 /usr/local/mcuxpressoide-11.9.1_2170/ide/plugins/com.nxp.mcuxpresso.tools.linux_11.9.1.202402080819/tools/bin/../lib/gcc/arm-none-eabi/12.3.1/../../../../arm-none-eabi/lib/thumb/v8-m.main+fp/hard/libc_nano.a(libc_a-memset.o)
 .debug_frame   0x00000ca0       0x20 /usr/local/mcuxpressoide-11.9.1_2170/ide/plugins/com.nxp.mcuxpresso.tools.linux_11.9.1.202402080819/tools/bin/../lib/gcc/arm-none-eabi/12.3.1/../../../../arm-none-eabi/lib/thumb/v8-m.main+fp/hard/libcr_newlib_nohost.a(_exit.o)

.debug_loc      0x00000000       0x15
 .debug_loc     0x00000000       0x15 /usr/local/mcuxpressoide-11.9.1_2170/ide/plugins/com.nxp.mcuxpresso.tools.linux_11.9.1.202402080819/tools/bin/../lib/gcc/arm-none-eabi/12.3.1/../../../../arm-none-eabi/lib/thumb/v8-m.main+fp/hard/libcr_newlib_nohost.a(_exit.o)

.debug_ranges   0x00000000       0x10
 .debug_ranges  0x00000000       0x10 /usr/local/mcuxpressoide-11.9.1_2170/ide/plugins/com.nxp.mcuxpresso.tools.linux_11.9.1.202402080819/tools/bin/../lib/gcc/arm-none-eabi/12.3.1/../../../../arm-none-eabi/lib/thumb/v8-m.main+fp/hard/libcr_newlib_nohost.a(_exit.o)
